// Jest Snapshot v1, https://goo.gl/fbAQLP

exports[`renders Home component correctly 1`] = `
<div>
  <div
    class="container"
  >
    <h1
      style="padding: 1rem 0px 0px; text-align: center; color: rgb(33, 199, 143);"
    >
      StoX
    </h1>
    <div
      class="row"
      style="margin: 2rem 1rem; align-items: center;"
    >
      <div
        class="col-md-10 col-10"
      >
        <input
          class="form-control form-control-large"
          placeholder="Search stock..."
          type="text"
          value=""
        />
      </div>
      <div
        class="col"
      >
        <button
          aria-label="Clear form"
          class="btn-close"
          type="button"
        />
      </div>
    </div>
    <div
      class="row"
      style="height: 70vh; overflow-y: scroll; box-shadow: rgba(0, 0, 0, 0.25) 0px 14px 28px, rgba(0, 0, 0, 0.22) 0px 10px 10px;"
    >
      <div
        class="list-group list-group-horizontal"
        style="font-size: 1rem; flex-wrap: wrap;"
      />
    </div>
  </div>
</div>
`;
